// 同步 ID: 3e385c56 @ Thu Jul 23 07:20:34 UTC 2026
// 同步 ID: bb2fbfed @ Thu Jul 23 17:33:15 UTC 2026
// 重构日志: e6bd1f39
// 重构日志: 87eb797a
// 重构日志: 02a680bf
// 重构日志: 0f454338
// 重构日志: 9bb699de
// 同步 ID: e5874880 @ Mon Jul 27 05:08:44 UTC 2026
// 重构日志: fbbd91cc
// 同步 ID: 352e5d7b @ Mon Jul 27 13:34:35 UTC 2026
// 重构日志: f21832a8
// 重构日志: a21e17c9
// 重构日志: 60fbc20c
// 重构日志: 48bc01e3
// 重构日志: d8902e31
// 重构日志: beeb6bd8
// 重构日志: 29551161
// 同步 ID: afc9cef5 @ Wed Jul 29 07:55:41 UTC 2026
// 同步 ID: 596bd2cc @ Wed Jul 29 14:56:14 UTC 2026
// 重构日志: 934b82e8
// 同步 ID: a5013c20 @ Thu Jul 30 01:33:44 UTC 2026
// 同步 ID: c7d4a6f8 @ Thu Jul 30 10:23:22 UTC 2026
// 重构日志: ba365c01
// 重构日志: 2cc65b17
// 重构日志: 44350f9e
// 重构日志: 8ffd711b
// 重构日志: 4b41ce9a
// 重构日志: 7655cd4f
// 同步 ID: daa29791 @ Sat Aug  1 17:31:44 UTC 2026
// 同步 ID: caec26b8 @ Sun Aug  2 01:55:46 UTC 2026
// 重构日志: d2aec057
// 重构日志: 81121416
// 重构日志: 847feb4d
